// Jest Snapshot v1, https://goo.gl/fbAQLP

exports[`LOGIN SCREEN render the login page should match to snapshot 1`] = `
<KeyboardAvoidingView
  behavior="padding"
  enabled={true}
  keyboardVerticalOffset={0}
  style={
    Object {
      "backgroundColor": "rgb(32, 53, 70)",
      "color": "#fff",
      "flex": 1,
      "fontSize": 30,
      "justifyContent": "center",
    }
  }
>
  <View
    style={
      Object {
        "backgroundColor": "rgb(32, 53, 70)",
        "color": "#fff",
        "flex": 1,
        "fontSize": 30,
        "justifyContent": "center",
      }
    }
  >
    <View
      style={
        Object {
          "borderRadius": 25,
          "padding": 20,
        }
      }
    >
      <Header
        title="Codelab"
      />
      <Input
        autoCorrect={false}
        keyboardType="email-address"
        onChangeText={[Function]}
        placeholder="Enter email..."
        placeholderTextColor="#fff"
        returnKeyType="next"
        value=""
      />
      <Input
        autoCorrect={true}
        onChangeText={[Function]}
        placeholder="Enter password.."
        placeholderTextColor="#fff"
        returnKeyType="go"
        secureTextEntry={true}
        value=""
      />
      <TouchableOpacity
        activeOpacity={0.2}
        onPress={[Function]}
        style={
          Object {
            "backgroundColor": "#fff",
            "borderRadius": 10,
            "paddingVertical": 15,
          }
        }
      >
        <Text
          style={
            Object {
              "color": "rgb(32,53,70)",
              "fontSize": 18,
              "fontWeight": "bold",
              "textAlign": "center",
            }
          }
        >
          Sign In
        </Text>
      </TouchableOpacity>
    </View>
    <Text
      style={
        Object {
          "alignSelf": "center",
          "color": "red",
          "fontSize": 18,
        }
      }
    />
  </View>
</KeyboardAvoidingView>
`;
